[debug] [2026-03-12T01:03:19.447Z] ----------------------------------------------------------------------
[debug] [2026-03-12T01:03:19.450Z] Command:       /nix/store/ws50yvm6vzlzf7jzz6n7xh4szddrack1-nodejs-20.19.1/bin/node /home/user/studio/node_modules/.bin/firebase deploy --only hosting
[debug] [2026-03-12T01:03:19.451Z] CLI Version:   13.35.1
[debug] [2026-03-12T01:03:19.452Z] Platform:      linux
[debug] [2026-03-12T01:03:19.452Z] Node Version:  v20.19.1
[debug] [2026-03-12T01:03:19.452Z] Time:          Thu Mar 12 2026 01:03:19 GMT+0000 (Coordinated Universal Time)
[debug] [2026-03-12T01:03:19.452Z] ----------------------------------------------------------------------
[debug] 
[debug] [2026-03-12T01:03:20.134Z] > command requires scopes: ["email","openid","https://www.googleapis.com/auth/cloudplatformprojects.readonly","https://www.googleapis.com/auth/firebase","https://www.googleapis.com/auth/cloud-platform"]
[debug] [2026-03-12T01:03:20.135Z] > authorizing via signed-in user (gonzapollari16@gmail.com)
[debug] [2026-03-12T01:03:20.136Z] [iam] checking project studio-7590022833-a97a8 for permissions ["firebase.projects.get","firebasehosting.sites.update"]
[debug] [2026-03-12T01:03:20.138Z] Checked if tokens are valid: false, expires at: 1773278151323
[debug] [2026-03-12T01:03:20.139Z] Checked if tokens are valid: false, expires at: 1773278151323
[debug] [2026-03-12T01:03:20.140Z] > refreshing access token with scopes: []
[debug] [2026-03-12T01:03:20.144Z] >>> [apiv2][query] POST https://www.googleapis.com/oauth2/v3/token [none]
[debug] [2026-03-12T01:03:20.144Z] >>> [apiv2][body] POST https://www.googleapis.com/oauth2/v3/token [omitted]
[debug] [2026-03-12T01:03:20.312Z] <<< [apiv2][status] POST https://www.googleapis.com/oauth2/v3/token 200
[debug] [2026-03-12T01:03:20.313Z] <<< [apiv2][body] POST https://www.googleapis.com/oauth2/v3/token [omitted]
[debug] [2026-03-12T01:03:20.334Z] >>> [apiv2][query] POST https://cloudresourcemanager.googleapis.com/v1/projects/studio-7590022833-a97a8:testIamPermissions [none]
[debug] [2026-03-12T01:03:20.334Z] >>> [apiv2][(partial)header] POST https://cloudresourcemanager.googleapis.com/v1/projects/studio-7590022833-a97a8:testIamPermissions x-goog-quota-user=projects/studio-7590022833-a97a8
[debug] [2026-03-12T01:03:20.335Z] >>> [apiv2][body] POST https://cloudresourcemanager.googleapis.com/v1/projects/studio-7590022833-a97a8:testIamPermissions {"permissions":["firebase.projects.get","firebasehosting.sites.update"]}
[debug] [2026-03-12T01:03:20.405Z] <<< [apiv2][status] POST https://cloudresourcemanager.googleapis.com/v1/projects/studio-7590022833-a97a8:testIamPermissions 200
[debug] [2026-03-12T01:03:20.406Z] <<< [apiv2][body] POST https://cloudresourcemanager.googleapis.com/v1/projects/studio-7590022833-a97a8:testIamPermissions {"permissions":["firebase.projects.get","firebasehosting.sites.update"]}
[debug] [2026-03-12T01:03:20.407Z] Checked if tokens are valid: true, expires at: 1773280999313
[debug] [2026-03-12T01:03:20.408Z] Checked if tokens are valid: true, expires at: 1773280999313
[debug] [2026-03-12T01:03:20.409Z] >>> [apiv2][query] GET https://firebase.googleapis.com/v1beta1/projects/studio-7590022833-a97a8 [none]
[debug] [2026-03-12T01:03:20.646Z] <<< [apiv2][status] GET https://firebase.googleapis.com/v1beta1/projects/studio-7590022833-a97a8 200
[debug] [2026-03-12T01:03:20.646Z] <<< [apiv2][body] GET https://firebase.googleapis.com/v1beta1/projects/studio-7590022833-a97a8 {"projectId":"studio-7590022833-a97a8","projectNumber":"865106293192","displayName":"Crushome","name":"projects/studio-7590022833-a97a8","resources":{"hostingSite":"studio-7590022833-a97a8"},"state":"ACTIVE","etag":"1_c23c344d-2a05-4c11-b248-5077c5f8ab3f"}
[debug] [2026-03-12T01:03:32.715Z] defaultcredentials: writing to file /home/user/.config/firebase/gonzapollari16_gmail_com_application_default_credentials.json
[debug] [2026-03-12T01:03:32.741Z] Checked if tokens are valid: true, expires at: 1773280999313
[debug] [2026-03-12T01:03:32.742Z] Checked if tokens are valid: true, expires at: 1773280999313
[debug] [2026-03-12T01:03:32.743Z] >>> [apiv2][query] GET https://firebasehosting.googleapis.com/v1beta1/projects/studio-7590022833-a97a8/sites pageToken=&pageSize=10
[debug] [2026-03-12T01:03:33.331Z] <<< [apiv2][status] GET https://firebasehosting.googleapis.com/v1beta1/projects/studio-7590022833-a97a8/sites 200
[debug] [2026-03-12T01:03:33.331Z] <<< [apiv2][body] GET https://firebasehosting.googleapis.com/v1beta1/projects/studio-7590022833-a97a8/sites {"sites":[{"name":"projects/studio-7590022833-a97a8/sites/studio-7590022833-a97a8","defaultUrl":"https://studio-7590022833-a97a8.web.app","type":"DEFAULT_SITE"}]}
[debug] [2026-03-12T01:03:33.333Z] Checked if tokens are valid: true, expires at: 1773280999313
[debug] [2026-03-12T01:03:33.333Z] Checked if tokens are valid: true, expires at: 1773280999313
[debug] [2026-03-12T01:03:33.334Z] >>> [apiv2][query] GET https://firebasehosting.googleapis.com/v1beta1/projects/studio-7590022833-a97a8/sites 
[debug] [2026-03-12T01:03:33.793Z] <<< [apiv2][status] GET https://firebasehosting.googleapis.com/v1beta1/projects/studio-7590022833-a97a8/sites 200
[debug] [2026-03-12T01:03:33.794Z] <<< [apiv2][body] GET https://firebasehosting.googleapis.com/v1beta1/projects/studio-7590022833-a97a8/sites {"sites":[{"name":"projects/studio-7590022833-a97a8/sites/studio-7590022833-a97a8","defaultUrl":"https://studio-7590022833-a97a8.web.app","type":"DEFAULT_SITE"}]}
[debug] [2026-03-12T01:03:33.796Z] Checked if tokens are valid: true, expires at: 1773280999313
[debug] [2026-03-12T01:03:33.796Z] Checked if tokens are valid: true, expires at: 1773280999313
[debug] [2026-03-12T01:03:33.797Z] >>> [apiv2][query] GET https://firebase.googleapis.com/v1beta1/projects/studio-7590022833-a97a8/webApps/-/config [none]
[debug] [2026-03-12T01:03:34.189Z] <<< [apiv2][status] GET https://firebase.googleapis.com/v1beta1/projects/studio-7590022833-a97a8/webApps/-/config 200
[debug] [2026-03-12T01:03:34.189Z] <<< [apiv2][body] GET https://firebase.googleapis.com/v1beta1/projects/studio-7590022833-a97a8/webApps/-/config {"projectId":"studio-7590022833-a97a8","appId":"1:865106293192:web:22a673326312722a46d0fd","storageBucket":"studio-7590022833-a97a8.firebasestorage.app","apiKey":"AIzaSyABsgW3NJZ1qo_gBLn5I0UxPhFfdnU5Ftg","authDomain":"studio-7590022833-a97a8.firebaseapp.com","messagingSenderId":"865106293192","projectNumber":"865106293192","version":"2"}
[info] 
   Thank you for trying our early preview of Next.js support on Firebase Hosting.
   During the preview, support is best-effort and breaking changes can be expected. Proceed with caution.

   Documentation: https://firebase.google.com/docs/hosting/frameworks/nextjs
   File a bug: https://github.com/firebase/firebase-tools/issues/new?template=bug_report.md
   Submit a feature request: https://github.com/firebase/firebase-tools/issues/new?template=feature_request.md

   We'd love to learn from you. Express your interest in helping us shape the future of Firebase Hosting: https://goo.gle/41enW5X

[debug] [2026-03-12T01:03:52.194Z] Checked if tokens are valid: true, expires at: 1773280999313
[debug] [2026-03-12T01:03:52.195Z] Checked if tokens are valid: true, expires at: 1773280999313
[debug] [2026-03-12T01:03:52.195Z] >>> [apiv2][query] GET https://firebasehosting.googleapis.com/v1beta1/projects/studio-7590022833-a97a8/sites/studio-7590022833-a97a8 [none]
[debug] [2026-03-12T01:03:52.581Z] <<< [apiv2][status] GET https://firebasehosting.googleapis.com/v1beta1/projects/studio-7590022833-a97a8/sites/studio-7590022833-a97a8 200
[debug] [2026-03-12T01:03:52.582Z] <<< [apiv2][body] GET https://firebasehosting.googleapis.com/v1beta1/projects/studio-7590022833-a97a8/sites/studio-7590022833-a97a8 {"name":"projects/studio-7590022833-a97a8/sites/studio-7590022833-a97a8","defaultUrl":"https://studio-7590022833-a97a8.web.app","type":"DEFAULT_SITE"}
[info]   ▲ Next.js 14.2.35
  - Environments: .env.local, .env

[info] 

[info]    Creating an optimized production build ...

[info]  ⚠ Compiled with warnings

./node_modules/@opentelemetry/instrumentation/build/esm/platform/node/instrumentation.js
Critical dependency: the request of a dependency is an expression

Import trace for requested module:
./node_modules/@opentelemetry/instrumentation/build/esm/platform/node/instrumentation.js
./node_modules/@opentelemetry/instrumentation/build/esm/platform/node/index.js
./node_modules/@opentelemetry/instrumentation/build/esm/platform/index.js
./node_modules/@opentelemetry/instrumentation/build/esm/index.js
./node_modules/@opentelemetry/sdk-node/build/src/sdk.js
./node_modules/@opentelemetry/sdk-node/build/src/index.js
./node_modules/@genkit-ai/core/lib/tracing/node-telemetry-provider.js
./node_modules/@genkit-ai/core/lib/node.js
./node_modules/genkit/lib/common.js
./node_modules/genkit/lib/index.mjs
./src/ai/genkit.ts
./src/app/api/ai/generate/route.ts

./node_modules/require-in-the-middle/index.js
Critical dependency: require function is used in a way in which dependencies cannot be statically extracted

Import trace for requested module:
./node_modules/require-in-the-middle/index.js
./node_modules/@opentelemetry/instrumentation/build/esm/platform/node/instrumentation.js
./node_modules/@opentelemetry/instrumentation/build/esm/platform/node/index.js
./node_modules/@opentelemetry/instrumentation/build/esm/platform/index.js
./node_modules/@opentelemetry/instrumentation/build/esm/index.js
./node_modules/@opentelemetry/sdk-node/build/src/sdk.js
./node_modules/@opentelemetry/sdk-node/build/src/index.js
./node_modules/@genkit-ai/core/lib/tracing/node-telemetry-provider.js
./node_modules/@genkit-ai/core/lib/node.js
./node_modules/genkit/lib/common.js
./node_modules/genkit/lib/index.mjs
./src/ai/genkit.ts
./src/app/ai-actions.ts

./node_modules/require-in-the-middle/index.js
Critical dependency: require function is used in a way in which dependencies cannot be statically extracted

Import trace for requested module:
./node_modules/require-in-the-middle/index.js
./node_modules/@opentelemetry/instrumentation/build/esm/platform/node/instrumentation.js
./node_modules/@opentelemetry/instrumentation/build/esm/platform/node/index.js
./node_modules/@opentelemetry/instrumentation/build/esm/platform/index.js
./node_modules/@opentelemetry/instrumentation/build/esm/index.js
./node_modules/@opentelemetry/sdk-node/build/src/sdk.js
./node_modules/@opentelemetry/sdk-node/build/src/index.js
./node_modules/@genkit-ai/core/lib/tracing/node-telemetry-provider.js
./node_modules/@genkit-ai/core/lib/node.js
./node_modules/genkit/lib/common.js
./node_modules/genkit/lib/index.mjs
./src/ai/genkit.ts
./src/app/api/ai/generate/route.ts


[info]  ✓ Compiled successfully

[info]    Linting and checking validity of types ...

[info]    Collecting page data ...

[info] SyntaxError: "undefined" is not valid JSON
    at JSON.parse (<anonymous>)
    at /home/user/studio/.next/server/app/api/media/[imageId]/download/route.js:10:905

[info] 

[info] > Build error occurred

[info] Error: Failed to collect page data for /api/media/[imageId]/download
    at /home/user/studio/node_modules/next/dist/build/utils.js:1269:15 {
  type: 'Error'
}

[debug] [2026-03-12T01:05:52.318Z] Error: ENOENT: no such file or directory, open '/home/user/studio/.next/export-marker.json'
[error] 
[error] Error: An unexpected error has occurred.
[debug] [2026-03-12T01:06:49.212Z] ----------------------------------------------------------------------
[debug] [2026-03-12T01:06:49.215Z] Command:       /nix/store/ws50yvm6vzlzf7jzz6n7xh4szddrack1-nodejs-20.19.1/bin/node /home/user/studio/node_modules/.bin/firebase deploy --only hosting
[debug] [2026-03-12T01:06:49.216Z] CLI Version:   13.35.1
[debug] [2026-03-12T01:06:49.217Z] Platform:      linux
[debug] [2026-03-12T01:06:49.217Z] Node Version:  v20.19.1
[debug] [2026-03-12T01:06:49.217Z] Time:          Thu Mar 12 2026 01:06:49 GMT+0000 (Coordinated Universal Time)
[debug] [2026-03-12T01:06:49.217Z] ----------------------------------------------------------------------
[debug] 
[debug] [2026-03-12T01:06:49.833Z] > command requires scopes: ["email","openid","https://www.googleapis.com/auth/cloudplatformprojects.readonly","https://www.googleapis.com/auth/firebase","https://www.googleapis.com/auth/cloud-platform"]
[debug] [2026-03-12T01:06:49.834Z] > authorizing via signed-in user (gonzapollari16@gmail.com)
[debug] [2026-03-12T01:06:49.834Z] [iam] checking project studio-7590022833-a97a8 for permissions ["firebase.projects.get","firebasehosting.sites.update"]
[debug] [2026-03-12T01:06:49.836Z] Checked if tokens are valid: true, expires at: 1773280999313
[debug] [2026-03-12T01:06:49.837Z] Checked if tokens are valid: true, expires at: 1773280999313
[debug] [2026-03-12T01:06:49.838Z] >>> [apiv2][query] POST https://cloudresourcemanager.googleapis.com/v1/projects/studio-7590022833-a97a8:testIamPermissions [none]
[debug] [2026-03-12T01:06:49.839Z] >>> [apiv2][(partial)header] POST https://cloudresourcemanager.googleapis.com/v1/projects/studio-7590022833-a97a8:testIamPermissions x-goog-quota-user=projects/studio-7590022833-a97a8
[debug] [2026-03-12T01:06:49.839Z] >>> [apiv2][body] POST https://cloudresourcemanager.googleapis.com/v1/projects/studio-7590022833-a97a8:testIamPermissions {"permissions":["firebase.projects.get","firebasehosting.sites.update"]}
[debug] [2026-03-12T01:06:49.980Z] <<< [apiv2][status] POST https://cloudresourcemanager.googleapis.com/v1/projects/studio-7590022833-a97a8:testIamPermissions 200
[debug] [2026-03-12T01:06:49.981Z] <<< [apiv2][body] POST https://cloudresourcemanager.googleapis.com/v1/projects/studio-7590022833-a97a8:testIamPermissions {"permissions":["firebase.projects.get","firebasehosting.sites.update"]}
[debug] [2026-03-12T01:06:49.982Z] Checked if tokens are valid: true, expires at: 1773280999313
[debug] [2026-03-12T01:06:49.983Z] Checked if tokens are valid: true, expires at: 1773280999313
[debug] [2026-03-12T01:06:49.983Z] >>> [apiv2][query] GET https://firebase.googleapis.com/v1beta1/projects/studio-7590022833-a97a8 [none]
[debug] [2026-03-12T01:06:50.153Z] <<< [apiv2][status] GET https://firebase.googleapis.com/v1beta1/projects/studio-7590022833-a97a8 200
[debug] [2026-03-12T01:06:50.154Z] <<< [apiv2][body] GET https://firebase.googleapis.com/v1beta1/projects/studio-7590022833-a97a8 {"projectId":"studio-7590022833-a97a8","projectNumber":"865106293192","displayName":"Crushome","name":"projects/studio-7590022833-a97a8","resources":{"hostingSite":"studio-7590022833-a97a8"},"state":"ACTIVE","etag":"1_c23c344d-2a05-4c11-b248-5077c5f8ab3f"}
[debug] [2026-03-12T01:06:58.623Z] defaultcredentials: writing to file /home/user/.config/firebase/gonzapollari16_gmail_com_application_default_credentials.json
[debug] [2026-03-12T01:06:58.638Z] Checked if tokens are valid: true, expires at: 1773280999313
[debug] [2026-03-12T01:06:58.639Z] Checked if tokens are valid: true, expires at: 1773280999313
[debug] [2026-03-12T01:06:58.642Z] >>> [apiv2][query] GET https://firebasehosting.googleapis.com/v1beta1/projects/studio-7590022833-a97a8/sites pageToken=&pageSize=10
[debug] [2026-03-12T01:06:59.857Z] <<< [apiv2][status] GET https://firebasehosting.googleapis.com/v1beta1/projects/studio-7590022833-a97a8/sites 200
[debug] [2026-03-12T01:06:59.857Z] <<< [apiv2][body] GET https://firebasehosting.googleapis.com/v1beta1/projects/studio-7590022833-a97a8/sites {"sites":[{"name":"projects/studio-7590022833-a97a8/sites/studio-7590022833-a97a8","defaultUrl":"https://studio-7590022833-a97a8.web.app","type":"DEFAULT_SITE"}]}
[debug] [2026-03-12T01:06:59.859Z] Checked if tokens are valid: true, expires at: 1773280999313
[debug] [2026-03-12T01:06:59.860Z] Checked if tokens are valid: true, expires at: 1773280999313
[debug] [2026-03-12T01:06:59.860Z] >>> [apiv2][query] GET https://firebasehosting.googleapis.com/v1beta1/projects/studio-7590022833-a97a8/sites 
[debug] [2026-03-12T01:07:00.878Z] <<< [apiv2][status] GET https://firebasehosting.googleapis.com/v1beta1/projects/studio-7590022833-a97a8/sites 200
[debug] [2026-03-12T01:07:00.880Z] <<< [apiv2][body] GET https://firebasehosting.googleapis.com/v1beta1/projects/studio-7590022833-a97a8/sites {"sites":[{"name":"projects/studio-7590022833-a97a8/sites/studio-7590022833-a97a8","defaultUrl":"https://studio-7590022833-a97a8.web.app","type":"DEFAULT_SITE"}]}
[debug] [2026-03-12T01:07:00.880Z] Checked if tokens are valid: true, expires at: 1773280999313
[debug] [2026-03-12T01:07:00.886Z] Checked if tokens are valid: true, expires at: 1773280999313
[debug] [2026-03-12T01:07:00.887Z] >>> [apiv2][query] GET https://firebase.googleapis.com/v1beta1/projects/studio-7590022833-a97a8/webApps/-/config [none]
[debug] [2026-03-12T01:07:01.099Z] <<< [apiv2][status] GET https://firebase.googleapis.com/v1beta1/projects/studio-7590022833-a97a8/webApps/-/config 200
[debug] [2026-03-12T01:07:01.100Z] <<< [apiv2][body] GET https://firebase.googleapis.com/v1beta1/projects/studio-7590022833-a97a8/webApps/-/config {"projectId":"studio-7590022833-a97a8","appId":"1:865106293192:web:22a673326312722a46d0fd","storageBucket":"studio-7590022833-a97a8.firebasestorage.app","apiKey":"AIzaSyABsgW3NJZ1qo_gBLn5I0UxPhFfdnU5Ftg","authDomain":"studio-7590022833-a97a8.firebaseapp.com","messagingSenderId":"865106293192","projectNumber":"865106293192","version":"2"}
[info] 
   Thank you for trying our early preview of Next.js support on Firebase Hosting.
   During the preview, support is best-effort and breaking changes can be expected. Proceed with caution.

   Documentation: https://firebase.google.com/docs/hosting/frameworks/nextjs
   File a bug: https://github.com/firebase/firebase-tools/issues/new?template=bug_report.md
   Submit a feature request: https://github.com/firebase/firebase-tools/issues/new?template=feature_request.md

   We'd love to learn from you. Express your interest in helping us shape the future of Firebase Hosting: https://goo.gle/41enW5X

[debug] [2026-03-12T01:07:18.525Z] Checked if tokens are valid: true, expires at: 1773280999313
[debug] [2026-03-12T01:07:18.529Z] Checked if tokens are valid: true, expires at: 1773280999313
[debug] [2026-03-12T01:07:18.529Z] >>> [apiv2][query] GET https://firebasehosting.googleapis.com/v1beta1/projects/studio-7590022833-a97a8/sites/studio-7590022833-a97a8 [none]
[debug] [2026-03-12T01:07:19.424Z] <<< [apiv2][status] GET https://firebasehosting.googleapis.com/v1beta1/projects/studio-7590022833-a97a8/sites/studio-7590022833-a97a8 200
[debug] [2026-03-12T01:07:19.424Z] <<< [apiv2][body] GET https://firebasehosting.googleapis.com/v1beta1/projects/studio-7590022833-a97a8/sites/studio-7590022833-a97a8 {"name":"projects/studio-7590022833-a97a8/sites/studio-7590022833-a97a8","defaultUrl":"https://studio-7590022833-a97a8.web.app","type":"DEFAULT_SITE"}
[info]   ▲ Next.js 14.2.35

[info]   - Environments: .env.local, .env


[info]    Creating an optimized production build ...

[info]  ⚠ Compiled with warnings


[info] ./node_modules/@opentelemetry/instrumentation/build/esm/platform/node/instrumentation.js
Critical dependency: the request of a dependency is an expression

Import trace for requested module:
./node_modules/@opentelemetry/instrumentation/build/esm/platform/node/instrumentation.js
./node_modules/@opentelemetry/instrumentation/build/esm/platform/node/index.js
./node_modules/@opentelemetry/instrumentation/build/esm/platform/index.js
./node_modules/@opentelemetry/instrumentation/build/esm/index.js
./node_modules/@opentelemetry/sdk-node/build/src/sdk.js
./node_modules/@opentelemetry/sdk-node/build/src/index.js
./node_modules/@genkit-ai/core/lib/tracing/node-telemetry-provider.js
./node_modules/@genkit-ai/core/lib/node.js
./node_modules/genkit/lib/common.js
./node_modules/genkit/lib/index.mjs
./src/ai/genkit.ts
./src/app/api/ai/generate/route.ts

./node_modules/require-in-the-middle/index.js
Critical dependency: require function is used in a way in which dependencies cannot be statically extracted

Import trace for requested module:
./node_modules/require-in-the-middle/index.js
./node_modules/@opentelemetry/instrumentation/build/esm/platform/node/instrumentation.js
./node_modules/@opentelemetry/instrumentation/build/esm/platform/node/index.js
./node_modules/@opentelemetry/instrumentation/build/esm/platform/index.js
./node_modules/@opentelemetry/instrumentation/build/esm/index.js
./node_modules/@opentelemetry/sdk-node/build/src/sdk.js
./node_modules/@opentelemetry/sdk-node/build/src/index.js
./node_modules/@genkit-ai/core/lib/tracing/node-telemetry-provider.js
./node_modules/@genkit-ai/core/lib/node.js
./node_modules/genkit/lib/common.js
./node_modules/genkit/lib/index.mjs
./src/ai/genkit.ts
./src/app/ai-actions.ts

./node_modules/require-in-the-middle/index.js
Critical dependency: require function is used in a way in which dependencies cannot be statically extracted

Import trace for requested module:
./node_modules/require-in-the-middle/index.js
./node_modules/@opentelemetry/instrumentation/build/esm/platform/node/instrumentation.js
./node_modules/@opentelemetry/instrumentation/build/esm/platform/node/index.js
./node_modules/@opentelemetry/instrumentation/build/esm/platform/index.js
./node_modules/@opentelemetry/instrumentation/build/esm/index.js
./node_modules/@opentelemetry/sdk-node/build/src/sdk.js
./node_modules/@opentelemetry/sdk-node/build/src/index.js
./node_modules/@genkit-ai/core/lib/tracing/node-telemetry-provider.js
./node_modules/@genkit-ai/core/lib/node.js
./node_modules/genkit/lib/common.js
./node_modules/genkit/lib/index.mjs
./src/ai/genkit.ts
./src/app/api/ai/generate/route.ts


[info]  ✓ Compiled successfully

[info]    Linting and checking validity of types ...

[info]    Collecting page data ...

[info] SyntaxError: "undefined" is not valid JSON
    at JSON.parse (<anonymous>)
    at /home/user/studio/.next/server/app/api/pricing/calculate/route.js:1:2250

[info] 

[info] > Build error occurred

[info] Error: Failed to collect page data for /api/pricing/calculate
    at /home/user/studio/node_modules/next/dist/build/utils.js:1269:15 {
  type: 'Error'
}

[debug] [2026-03-12T01:08:47.472Z] Error: ENOENT: no such file or directory, open '/home/user/studio/.next/export-marker.json'
[error] 
[error] Error: An unexpected error has occurred.
[debug] [2026-03-12T01:11:07.642Z] ----------------------------------------------------------------------
[debug] [2026-03-12T01:11:07.645Z] Command:       /nix/store/ws50yvm6vzlzf7jzz6n7xh4szddrack1-nodejs-20.19.1/bin/node /home/user/studio/node_modules/.bin/firebase deploy --only hosting
[debug] [2026-03-12T01:11:07.646Z] CLI Version:   13.35.1
[debug] [2026-03-12T01:11:07.646Z] Platform:      linux
[debug] [2026-03-12T01:11:07.646Z] Node Version:  v20.19.1
[debug] [2026-03-12T01:11:07.646Z] Time:          Thu Mar 12 2026 01:11:07 GMT+0000 (Coordinated Universal Time)
[debug] [2026-03-12T01:11:07.646Z] ----------------------------------------------------------------------
[debug] 
[debug] [2026-03-12T01:11:08.212Z] > command requires scopes: ["email","openid","https://www.googleapis.com/auth/cloudplatformprojects.readonly","https://www.googleapis.com/auth/firebase","https://www.googleapis.com/auth/cloud-platform"]
[debug] [2026-03-12T01:11:08.213Z] > authorizing via signed-in user (gonzapollari16@gmail.com)
[debug] [2026-03-12T01:11:08.213Z] [iam] checking project studio-7590022833-a97a8 for permissions ["firebase.projects.get","firebasehosting.sites.update"]
[debug] [2026-03-12T01:11:08.215Z] Checked if tokens are valid: true, expires at: 1773280999313
[debug] [2026-03-12T01:11:08.216Z] Checked if tokens are valid: true, expires at: 1773280999313
[debug] [2026-03-12T01:11:08.218Z] >>> [apiv2][query] POST https://cloudresourcemanager.googleapis.com/v1/projects/studio-7590022833-a97a8:testIamPermissions [none]
[debug] [2026-03-12T01:11:08.218Z] >>> [apiv2][(partial)header] POST https://cloudresourcemanager.googleapis.com/v1/projects/studio-7590022833-a97a8:testIamPermissions x-goog-quota-user=projects/studio-7590022833-a97a8
[debug] [2026-03-12T01:11:08.218Z] >>> [apiv2][body] POST https://cloudresourcemanager.googleapis.com/v1/projects/studio-7590022833-a97a8:testIamPermissions {"permissions":["firebase.projects.get","firebasehosting.sites.update"]}
[debug] [2026-03-12T01:11:08.370Z] <<< [apiv2][status] POST https://cloudresourcemanager.googleapis.com/v1/projects/studio-7590022833-a97a8:testIamPermissions 200
[debug] [2026-03-12T01:11:08.370Z] <<< [apiv2][body] POST https://cloudresourcemanager.googleapis.com/v1/projects/studio-7590022833-a97a8:testIamPermissions {"permissions":["firebase.projects.get","firebasehosting.sites.update"]}
[debug] [2026-03-12T01:11:08.371Z] Checked if tokens are valid: true, expires at: 1773280999313
[debug] [2026-03-12T01:11:08.372Z] Checked if tokens are valid: true, expires at: 1773280999313
[debug] [2026-03-12T01:11:08.373Z] >>> [apiv2][query] GET https://firebase.googleapis.com/v1beta1/projects/studio-7590022833-a97a8 [none]
[debug] [2026-03-12T01:11:08.669Z] <<< [apiv2][status] GET https://firebase.googleapis.com/v1beta1/projects/studio-7590022833-a97a8 200
[debug] [2026-03-12T01:11:08.669Z] <<< [apiv2][body] GET https://firebase.googleapis.com/v1beta1/projects/studio-7590022833-a97a8 {"projectId":"studio-7590022833-a97a8","projectNumber":"865106293192","displayName":"Crushome","name":"projects/studio-7590022833-a97a8","resources":{"hostingSite":"studio-7590022833-a97a8"},"state":"ACTIVE","etag":"1_c23c344d-2a05-4c11-b248-5077c5f8ab3f"}
[debug] [2026-03-12T01:11:17.327Z] defaultcredentials: writing to file /home/user/.config/firebase/gonzapollari16_gmail_com_application_default_credentials.json
[debug] [2026-03-12T01:11:17.334Z] Checked if tokens are valid: true, expires at: 1773280999313
[debug] [2026-03-12T01:11:17.335Z] Checked if tokens are valid: true, expires at: 1773280999313
[debug] [2026-03-12T01:11:17.336Z] >>> [apiv2][query] GET https://firebasehosting.googleapis.com/v1beta1/projects/studio-7590022833-a97a8/sites pageToken=&pageSize=10
[debug] [2026-03-12T01:11:18.461Z] <<< [apiv2][status] GET https://firebasehosting.googleapis.com/v1beta1/projects/studio-7590022833-a97a8/sites 200
[debug] [2026-03-12T01:11:18.461Z] <<< [apiv2][body] GET https://firebasehosting.googleapis.com/v1beta1/projects/studio-7590022833-a97a8/sites {"sites":[{"name":"projects/studio-7590022833-a97a8/sites/studio-7590022833-a97a8","defaultUrl":"https://studio-7590022833-a97a8.web.app","type":"DEFAULT_SITE"}]}
[debug] [2026-03-12T01:11:18.463Z] Checked if tokens are valid: true, expires at: 1773280999313
[debug] [2026-03-12T01:11:18.463Z] Checked if tokens are valid: true, expires at: 1773280999313
[debug] [2026-03-12T01:11:18.463Z] >>> [apiv2][query] GET https://firebasehosting.googleapis.com/v1beta1/projects/studio-7590022833-a97a8/sites 
[debug] [2026-03-12T01:11:19.461Z] <<< [apiv2][status] GET https://firebasehosting.googleapis.com/v1beta1/projects/studio-7590022833-a97a8/sites 200
[debug] [2026-03-12T01:11:19.461Z] <<< [apiv2][body] GET https://firebasehosting.googleapis.com/v1beta1/projects/studio-7590022833-a97a8/sites {"sites":[{"name":"projects/studio-7590022833-a97a8/sites/studio-7590022833-a97a8","defaultUrl":"https://studio-7590022833-a97a8.web.app","type":"DEFAULT_SITE"}]}
[debug] [2026-03-12T01:11:19.463Z] Checked if tokens are valid: true, expires at: 1773280999313
[debug] [2026-03-12T01:11:19.463Z] Checked if tokens are valid: true, expires at: 1773280999313
[debug] [2026-03-12T01:11:19.463Z] >>> [apiv2][query] GET https://firebase.googleapis.com/v1beta1/projects/studio-7590022833-a97a8/webApps/-/config [none]
[debug] [2026-03-12T01:11:19.822Z] <<< [apiv2][status] GET https://firebase.googleapis.com/v1beta1/projects/studio-7590022833-a97a8/webApps/-/config 200
[debug] [2026-03-12T01:11:19.823Z] <<< [apiv2][body] GET https://firebase.googleapis.com/v1beta1/projects/studio-7590022833-a97a8/webApps/-/config {"projectId":"studio-7590022833-a97a8","appId":"1:865106293192:web:22a673326312722a46d0fd","storageBucket":"studio-7590022833-a97a8.firebasestorage.app","apiKey":"AIzaSyABsgW3NJZ1qo_gBLn5I0UxPhFfdnU5Ftg","authDomain":"studio-7590022833-a97a8.firebaseapp.com","messagingSenderId":"865106293192","projectNumber":"865106293192","version":"2"}
[info] 
   Thank you for trying our early preview of Next.js support on Firebase Hosting.
   During the preview, support is best-effort and breaking changes can be expected. Proceed with caution.

   Documentation: https://firebase.google.com/docs/hosting/frameworks/nextjs
   File a bug: https://github.com/firebase/firebase-tools/issues/new?template=bug_report.md
   Submit a feature request: https://github.com/firebase/firebase-tools/issues/new?template=feature_request.md

   We'd love to learn from you. Express your interest in helping us shape the future of Firebase Hosting: https://goo.gle/41enW5X

[debug] [2026-03-12T01:11:38.570Z] Checked if tokens are valid: true, expires at: 1773280999313
[debug] [2026-03-12T01:11:38.570Z] Checked if tokens are valid: true, expires at: 1773280999313
[debug] [2026-03-12T01:11:38.571Z] >>> [apiv2][query] GET https://firebasehosting.googleapis.com/v1beta1/projects/studio-7590022833-a97a8/sites/studio-7590022833-a97a8 [none]
[debug] [2026-03-12T01:11:38.940Z] <<< [apiv2][status] GET https://firebasehosting.googleapis.com/v1beta1/projects/studio-7590022833-a97a8/sites/studio-7590022833-a97a8 200
[debug] [2026-03-12T01:11:38.942Z] <<< [apiv2][body] GET https://firebasehosting.googleapis.com/v1beta1/projects/studio-7590022833-a97a8/sites/studio-7590022833-a97a8 {"name":"projects/studio-7590022833-a97a8/sites/studio-7590022833-a97a8","defaultUrl":"https://studio-7590022833-a97a8.web.app","type":"DEFAULT_SITE"}
[info]   ▲ Next.js 14.2.35

[info]   - Environments: .env.local, .env


[info]    Creating an optimized production build ...

[info]  ⚠ Compiled with warnings


[info] ./node_modules/@opentelemetry/instrumentation/build/esm/platform/node/instrumentation.js
Critical dependency: the request of a dependency is an expression

Import trace for requested module:
./node_modules/@opentelemetry/instrumentation/build/esm/platform/node/instrumentation.js
./node_modules/@opentelemetry/instrumentation/build/esm/platform/node/index.js
./node_modules/@opentelemetry/instrumentation/build/esm/platform/index.js
./node_modules/@opentelemetry/instrumentation/build/esm/index.js
./node_modules/@opentelemetry/sdk-node/build/src/sdk.js
./node_modules/@opentelemetry/sdk-node/build/src/index.js
./node_modules/@genkit-ai/core/lib/tracing/node-telemetry-provider.js
./node_modules/@genkit-ai/core/lib/node.js
./node_modules/genkit/lib/common.js
./node_modules/genkit/lib/index.mjs
./src/ai/genkit.ts
./src/app/api/ai/generate/route.ts

./node_modules/require-in-the-middle/index.js
Critical dependency: require function is used in a way in which dependencies cannot be statically extracted

Import trace for requested module:
./node_modules/require-in-the-middle/index.js
./node_modules/@opentelemetry/instrumentation/build/esm/platform/node/instrumentation.js
./node_modules/@opentelemetry/instrumentation/build/esm/platform/node/index.js
./node_modules/@opentelemetry/instrumentation/build/esm/platform/index.js
./node_modules/@opentelemetry/instrumentation/build/esm/index.js
./node_modules/@opentelemetry/sdk-node/build/src/sdk.js
./node_modules/@opentelemetry/sdk-node/build/src/index.js
./node_modules/@genkit-ai/core/lib/tracing/node-telemetry-provider.js
./node_modules/@genkit-ai/core/lib/node.js
./node_modules/genkit/lib/common.js
./node_modules/genkit/lib/index.mjs
./src/ai/genkit.ts
./src/app/ai-actions.ts

./node_modules/require-in-the-middle/index.js
Critical dependency: require function is used in a way in which dependencies cannot be statically extracted

Import trace for requested module:
./node_modules/require-in-the-middle/index.js
./node_modules/@opentelemetry/instrumentation/build/esm/platform/node/instrumentation.js
./node_modules/@opentelemetry/instrumentation/build/esm/platform/node/index.js
./node_modules/@opentelemetry/instrumentation/build/esm/platform/index.js
./node_modules/@opentelemetry/instrumentation/build/esm/index.js
./node_modules/@opentelemetry/sdk-node/build/src/sdk.js
./node_modules/@opentelemetry/sdk-node/build/src/index.js
./node_modules/@genkit-ai/core/lib/tracing/node-telemetry-provider.js
./node_modules/@genkit-ai/core/lib/node.js
./node_modules/genkit/lib/common.js
./node_modules/genkit/lib/index.mjs
./src/ai/genkit.ts
./src/app/api/ai/generate/route.ts


[info]  ✓ Compiled successfully

[info]    Linting and checking validity of types ...

[info]    Collecting page data ...

[info] SyntaxError: "undefined" is not valid JSON
    at JSON.parse (<anonymous>)
    at /home/user/studio/.next/server/app/api/media/[imageId]/download/route.js:10:905

[info] 
> Build error occurred

[info] Error: Failed to collect page data for /api/media/[imageId]/download
    at /home/user/studio/node_modules/next/dist/build/utils.js:1269:15 {
  type: 'Error'
}

[debug] [2026-03-12T01:13:19.340Z] Error: ENOENT: no such file or directory, open '/home/user/studio/.next/export-marker.json'
[error] 
[error] Error: An unexpected error has occurred.
